npm ERR! Missing script: "test"
npm ERR! 
npm ERR! To see a list of scripts, run:
npm ERR!   npm run

npm ERR! A complete log of this run can be found in:
npm ERR!     /home/runner/.npm/_logs/2023-05-15T18_19_40_393Z-debug-0.log
